// Jest Snapshot v1, https://goo.gl/fbAQLP

exports[`should match the snapshot 1`] = `
<section
  className="loading"
>
  <img
    alt="loading"
    src="loading.svg"
  />
  <h2>
    Loading...
  </h2>
</section>
`;
