// Jest Snapshot v1, https://goo.gl/fbAQLP

exports[`should match the snapshot 1`] = `
<header
  className="sorting-panel"
>
  <Filter
    type="states"
  />
  <Filter
    type="genres"
  />
  <Filter
    type="attires"
  />
  <SearchForm />
</header>
`;
