// Jest Snapshot v1, https://goo.gl/fbAQLP

exports[`should match the snapshot 1`] = `
<section
  className="error-card"
>
  <img
    alt="error"
    src="error.svg"
  />
  <h2>
    Failed!
  </h2>
</section>
`;
